
  .   ____          _            __ _ _
 /\\ / ___'_ __ _ _(_)_ __  __ _ \ \ \ \
( ( )\___ | '_ | '_| | '_ \/ _` | \ \ \ \
 \\/  ___)| |_)| | | | | || (_| |  ) ) ) )
  '  |____| .__|_| |_|_| |_\__, | / / / /
 =========|_|==============|___/=/_/_/_/

 :: Spring Boot ::                (v4.1.1)

2026-08-30T22:58:10.513-04:00  INFO 216859 --- [bancoxyzbatch] [           main] c.d.b.BancoxyzbatchApplication           : Starting BancoxyzbatchApplication v0.0.1-SNAPSHOT using Java 21.0.12 with PID 216859 (/home/natalia/Archivos/Desarrollo Backend III/Semana 3/bancoxyzbatch/Semana 3/target/bancoxyzbatch-0.0.1-SNAPSHOT.jar started by natalia in /home/natalia/Archivos/Desarrollo Backend III/Semana 3/bancoxyzbatch/Semana 3)
2026-08-30T22:58:10.517-04:00  INFO 216859 --- [bancoxyzbatch] [           main] c.d.b.BancoxyzbatchApplication           : No active profile set, falling back to 1 default profile: "default"
2026-08-30T22:58:11.076-04:00  INFO 216859 --- [bancoxyzbatch] [           main] .s.d.r.c.RepositoryConfigurationDelegate : Bootstrapping Spring Data JPA repositories in DEFAULT mode.
2026-08-30T22:58:11.128-04:00  INFO 216859 --- [bancoxyzbatch] [           main] .s.d.r.c.RepositoryConfigurationDelegate : Finished Spring Data repository scanning in 45 ms. Found 5 JPA repository interfaces.
2026-08-30T22:58:11.520-04:00  INFO 216859 --- [bancoxyzbatch] [           main] com.zaxxer.hikari.HikariDataSource       : HikariPool-1 - Starting...
2026-08-30T22:58:11.742-04:00  INFO 216859 --- [bancoxyzbatch] [           main] com.zaxxer.hikari.pool.HikariPool        : HikariPool-1 - Added connection org.postgresql.jdbc.PgConnection@5434e40c
2026-08-30T22:58:11.743-04:00  INFO 216859 --- [bancoxyzbatch] [           main] com.zaxxer.hikari.HikariDataSource       : HikariPool-1 - Start completed.
2026-08-30T22:58:11.888-04:00  INFO 216859 --- [bancoxyzbatch] [           main] org.hibernate.orm.jpa                    : HHH008540: Processing PersistenceUnitInfo [name: default]
2026-08-30T22:58:11.941-04:00  INFO 216859 --- [bancoxyzbatch] [           main] org.hibernate.orm.core                   : HHH000001: Hibernate ORM core version 7.4.5.Final
2026-08-30T22:58:12.373-04:00  INFO 216859 --- [bancoxyzbatch] [           main] o.s.o.j.p.SpringPersistenceUnitInfo      : No LoadTimeWeaver setup: ignoring JPA class transformer
2026-08-30T22:58:12.459-04:00  INFO 216859 --- [bancoxyzbatch] [           main] org.hibernate.orm.connections.pooling    : HHH10001005: Database info:
	Database JDBC URL [jdbc:postgresql://localhost:5432/bancoxyz_final]
	Database driver: PostgreSQL JDBC Driver
	Database dialect: PostgreSQLDialect
	Database version: 17.11
	Default catalog/schema: bancoxyz_final/public
	Autocommit mode: undefined/unknown
	Isolation level: READ_COMMITTED [default READ_COMMITTED]
	JDBC fetch size: none
	Pool: DataSourceConnectionProvider
	Minimum pool size: undefined/unknown
	Maximum pool size: undefined/unknown
2026-08-30T22:58:13.217-04:00  INFO 216859 --- [bancoxyzbatch] [           main] org.hibernate.orm.core                   : HHH000489: No JTA platform available (set 'hibernate.transaction.jta.platform' to enable JTA platform integration)
2026-08-30T22:58:13.298-04:00  WARN 216859 --- [bancoxyzbatch] [           main] org.hibernate.orm.jdbc.warn              : HHH000247: ErrorCode: 0, SQLState: 00000
2026-08-30T22:58:13.299-04:00  WARN 216859 --- [bancoxyzbatch] [           main] org.hibernate.orm.jdbc.warn              : constraint "uk_estado_cuenta_anio" of relation "estados_cuenta_anuales" does not exist, skipping
2026-08-30T22:58:13.304-04:00  INFO 216859 --- [bancoxyzbatch] [           main] j.LocalContainerEntityManagerFactoryBean : Initialized JPA EntityManagerFactory for persistence unit 'default'
2026-08-30T22:58:13.436-04:00  INFO 216859 --- [bancoxyzbatch] [           main] o.s.d.j.r.query.QueryEnhancerFactories   : Hibernate is in classpath; If applicable, HQL parser will be used.
[BATCH-CONFIG] retryMaxRetries=3 | retryDelayMs=500
[BATCH-CONFIG] threads=3 | queueCapacity=20 | daemon=true
2026-08-30T22:58:14.382-04:00  INFO 216859 --- [bancoxyzbatch] [           main] c.d.b.BancoxyzbatchApplication           : Started BancoxyzbatchApplication in 4.294 seconds (process running for 4.678)
[BATCH] Ejecutando Job: transaccionJob
[BATCH] run.id: 6001
[BATCH-PERF] configuración | mode=PARALELO | threads=3 | chunkSize=10 | skipLimit=750 | retryMaxRetries=3
2026-08-30T22:58:14.491-04:00  INFO 216859 --- [bancoxyzbatch] [           main] o.s.b.c.l.s.TaskExecutorJobLauncher      : Job: [SimpleJob: [name=transaccionJob]] launched with the following parameters: [{JobParameter{name='run.id', value=6001, type=class java.lang.Long, identifying=true}}]
2026-08-30T22:58:14.531-04:00  INFO 216859 --- [bancoxyzbatch] [           main] o.s.batch.core.step.AbstractStep         : Executing step: [transaccionStep]
[BATCH-PROCESSOR] hilo=batch-thread-1 | transaccion=1
[BATCH-PROCESSOR] hilo=batch-thread-3 | transaccion=3
[BATCH-PROCESSOR] hilo=batch-thread-1 | transaccion=4
[BATCH-PROCESSOR] hilo=batch-thread-2 | transaccion=2
[BATCH-PROCESSOR] hilo=batch-thread-2 | transaccion=5
[BATCH-PROCESSOR] hilo=batch-thread-2 | transaccion=6
[BATCH-PROCESSOR] hilo=batch-thread-2 | transaccion=7
[BATCH-PROCESSOR] hilo=batch-thread-2 | transaccion=8
[BATCH-PROCESSOR] hilo=batch-thread-1 | transaccion=9
[BATCH-PROCESSOR] hilo=batch-thread-3 | transaccion=10
[BATCH-WRITER] hilo=main | chunk=5 | jobInstance=1 | invocacion=1
[BATCH-PROCESSOR] hilo=batch-thread-2 | transaccion=11
[BATCH-PROCESSOR] hilo=batch-thread-3 | transaccion=12
[BATCH-PROCESSOR] hilo=batch-thread-1 | transaccion=13
[BATCH-PROCESSOR] hilo=batch-thread-2 | transaccion=14
[BATCH-PROCESSOR] hilo=batch-thread-3 | transaccion=15
[BATCH-PROCESSOR] hilo=batch-thread-1 | transaccion=16
[BATCH-PROCESSOR] hilo=batch-thread-2 | transaccion=17
[BATCH-PROCESSOR] hilo=batch-thread-2 | transaccion=18
[BATCH-PROCESSOR] hilo=batch-thread-2 | transaccion=19
[BATCH-PROCESSOR] hilo=batch-thread-2 | transaccion=20
[BATCH-WRITER] hilo=main | chunk=7 | jobInstance=1 | invocacion=2
[BATCH-PROCESSOR] hilo=batch-thread-2 | transaccion=21
[BATCH-PROCESSOR] hilo=batch-thread-1 | transaccion=22
[BATCH-PROCESSOR] hilo=batch-thread-3 | transaccion=23
[BATCH-PROCESSOR] hilo=batch-thread-2 | transaccion=24
[BATCH-PROCESSOR] hilo=batch-thread-1 | transaccion=26
[BATCH-PROCESSOR] hilo=batch-thread-2 | transaccion=25
[BATCH-PROCESSOR] hilo=batch-thread-1 | transaccion=27
[BATCH-PROCESSOR] hilo=batch-thread-1 | transaccion=28
[BATCH-PROCESSOR] hilo=batch-thread-3 | transaccion=29
[BATCH-PROCESSOR] hilo=batch-thread-2 | transaccion=30
[BATCH-WRITER] hilo=main | chunk=3 | jobInstance=1 | invocacion=3
[BATCH-PROCESSOR] hilo=batch-thread-1 | transaccion=31
[BATCH-PROCESSOR] hilo=batch-thread-3 | transaccion=32
[BATCH-PROCESSOR] hilo=batch-thread-2 | transaccion=33
[BATCH-PROCESSOR] hilo=batch-thread-2 | transaccion=34
[BATCH-PROCESSOR] hilo=batch-thread-2 | transaccion=35
[BATCH-PROCESSOR] hilo=batch-thread-2 | transaccion=36
[BATCH-PROCESSOR] hilo=batch-thread-2 | transaccion=37
[BATCH-PROCESSOR] hilo=batch-thread-2 | transaccion=38
[BATCH-PROCESSOR] hilo=batch-thread-2 | transaccion=39
[BATCH-PROCESSOR] hilo=batch-thread-3 | transaccion=40
[BATCH-WRITER] hilo=main | chunk=6 | jobInstance=1 | invocacion=4
[BATCH-PROCESSOR] hilo=batch-thread-1 | transaccion=41
[BATCH-PROCESSOR] hilo=batch-thread-2 | transaccion=42
[BATCH-PROCESSOR] hilo=batch-thread-3 | transaccion=43
[BATCH-PROCESSOR] hilo=batch-thread-1 | transaccion=44
[BATCH-PROCESSOR] hilo=batch-thread-2 | transaccion=45
[BATCH-PROCESSOR] hilo=batch-thread-1 | transaccion=46
[BATCH-PROCESSOR] hilo=batch-thread-1 | transaccion=47
[BATCH-PROCESSOR] hilo=batch-thread-1 | transaccion=48
[BATCH-PROCESSOR] hilo=batch-thread-3 | transaccion=50
[BATCH-PROCESSOR] hilo=batch-thread-2 | transaccion=49
[BATCH-WRITER] hilo=main | chunk=6 | jobInstance=1 | invocacion=5
[BATCH-PROCESSOR] hilo=batch-thread-1 | transaccion=51
[BATCH-PROCESSOR] hilo=batch-thread-2 | transaccion=52
[BATCH-PROCESSOR] hilo=batch-thread-3 | transaccion=53
[BATCH-PROCESSOR] hilo=batch-thread-1 | transaccion=54
[BATCH-PROCESSOR] hilo=batch-thread-1 | transaccion=55
[BATCH-PROCESSOR] hilo=batch-thread-1 | transaccion=56
[BATCH-PROCESSOR] hilo=batch-thread-1 | transaccion=57
[BATCH-PROCESSOR] hilo=batch-thread-2 | transaccion=59
[BATCH-PROCESSOR] hilo=batch-thread-3 | transaccion=58
[BATCH-PROCESSOR] hilo=batch-thread-2 | transaccion=60
[BATCH-WRITER] hilo=main | chunk=5 | jobInstance=1 | invocacion=6
[BATCH-PROCESSOR] hilo=batch-thread-3 | transaccion=61
[BATCH-PROCESSOR] hilo=batch-thread-1 | transaccion=62
[BATCH-PROCESSOR] hilo=batch-thread-2 | transaccion=63
[BATCH-PROCESSOR] hilo=batch-thread-3 | transaccion=64
[BATCH-PROCESSOR] hilo=batch-thread-1 | transaccion=65
[BATCH-PROCESSOR] hilo=batch-thread-2 | transaccion=66
[BATCH-PROCESSOR] hilo=batch-thread-3 | transaccion=67
[BATCH-PROCESSOR] hilo=batch-thread-3 | transaccion=68
[BATCH-PROCESSOR] hilo=batch-thread-2 | transaccion=69
[BATCH-PROCESSOR] hilo=batch-thread-3 | transaccion=70
[BATCH-WRITER] hilo=main | chunk=5 | jobInstance=1 | invocacion=7
[BATCH-PROCESSOR] hilo=batch-thread-1 | transaccion=71
[BATCH-PROCESSOR] hilo=batch-thread-2 | transaccion=72
[BATCH-PROCESSOR] hilo=batch-thread-3 | transaccion=73
[BATCH-PROCESSOR] hilo=batch-thread-1 | transaccion=74
[BATCH-PROCESSOR] hilo=batch-thread-3 | transaccion=75
[BATCH-PROCESSOR] hilo=batch-thread-3 | transaccion=76
[BATCH-PROCESSOR] hilo=batch-thread-3 | transaccion=77
[BATCH-PROCESSOR] hilo=batch-thread-2 | transaccion=78
[BATCH-PROCESSOR] hilo=batch-thread-2 | transaccion=79
[BATCH-PROCESSOR] hilo=batch-thread-3 | transaccion=80
[BATCH-WRITER] hilo=main | chunk=5 | jobInstance=1 | invocacion=8
[BATCH-PROCESSOR] hilo=batch-thread-1 | transaccion=81
[BATCH-PROCESSOR] hilo=batch-thread-2 | transaccion=82
[BATCH-PROCESSOR] hilo=batch-thread-3 | transaccion=83
[BATCH-PROCESSOR] hilo=batch-thread-2 | transaccion=84
[BATCH-PROCESSOR] hilo=batch-thread-3 | transaccion=85
[BATCH-PROCESSOR] hilo=batch-thread-2 | transaccion=86
[BATCH-PROCESSOR] hilo=batch-thread-3 | transaccion=87
[BATCH-PROCESSOR] hilo=batch-thread-1 | transaccion=88
[BATCH-PROCESSOR] hilo=batch-thread-1 | transaccion=89
[BATCH-PROCESSOR] hilo=batch-thread-1 | transaccion=90
[BATCH-WRITER] hilo=main | chunk=6 | jobInstance=1 | invocacion=9
[BATCH-PROCESSOR] hilo=batch-thread-3 | transaccion=91
[BATCH-PROCESSOR] hilo=batch-thread-2 | transaccion=92
[BATCH-PROCESSOR] hilo=batch-thread-1 | transaccion=93
[BATCH-PROCESSOR] hilo=batch-thread-3 | transaccion=94
[BATCH-PROCESSOR] hilo=batch-thread-2 | transaccion=95
[BATCH-PROCESSOR] hilo=batch-thread-1 | transaccion=96
[BATCH-PROCESSOR] hilo=batch-thread-3 | transaccion=97
[BATCH-PROCESSOR] hilo=batch-thread-2 | transaccion=98
[BATCH-PROCESSOR] hilo=batch-thread-1 | transaccion=99
[BATCH-PROCESSOR] hilo=batch-thread-3 | transaccion=100
[BATCH-WRITER] hilo=main | chunk=8 | jobInstance=1 | invocacion=10
[BATCH-PROCESSOR] hilo=batch-thread-1 | transaccion=101
[BATCH-PROCESSOR] hilo=batch-thread-1 | transaccion=102
[BATCH-PROCESSOR] hilo=batch-thread-3 | transaccion=103
[BATCH-PROCESSOR] hilo=batch-thread-2 | transaccion=104
[BATCH-PROCESSOR] hilo=batch-thread-1 | transaccion=105
[BATCH-PROCESSOR] hilo=batch-thread-3 | transaccion=106
[BATCH-PROCESSOR] hilo=batch-thread-2 | transaccion=107
[BATCH-PROCESSOR] hilo=batch-thread-3 | transaccion=108
[BATCH-PROCESSOR] hilo=batch-thread-1 | transaccion=109
[BATCH-PROCESSOR] hilo=batch-thread-3 | transaccion=110
[BATCH-WRITER] hilo=main | chunk=6 | jobInstance=1 | invocacion=11
[BATCH-PROCESSOR] hilo=batch-thread-2 | transaccion=111
[BATCH-PROCESSOR] hilo=batch-thread-3 | transaccion=112
[BATCH-PROCESSOR] hilo=batch-thread-1 | transaccion=113
[BATCH-PROCESSOR] hilo=batch-thread-2 | transaccion=114
[BATCH-PROCESSOR] hilo=batch-thread-3 | transaccion=115
[BATCH-PROCESSOR] hilo=batch-thread-1 | transaccion=116
[BATCH-PROCESSOR] hilo=batch-thread-3 | transaccion=117
[BATCH-PROCESSOR] hilo=batch-thread-3 | transaccion=118
[BATCH-PROCESSOR] hilo=batch-thread-2 | transaccion=119
[BATCH-PROCESSOR] hilo=batch-thread-1 | transaccion=120
[BATCH-WRITER] hilo=main | chunk=6 | jobInstance=1 | invocacion=12
[BATCH-PROCESSOR] hilo=batch-thread-3 | transaccion=121
[BATCH-PROCESSOR] hilo=batch-thread-1 | transaccion=122
[BATCH-PROCESSOR] hilo=batch-thread-2 | transaccion=123
[BATCH-PROCESSOR] hilo=batch-thread-3 | transaccion=124
[BATCH-PROCESSOR] hilo=batch-thread-2 | transaccion=125
[BATCH-PROCESSOR] hilo=batch-thread-2 | transaccion=126
[BATCH-PROCESSOR] hilo=batch-thread-2 | transaccion=127
[BATCH-PROCESSOR] hilo=batch-thread-1 | transaccion=128
[BATCH-PROCESSOR] hilo=batch-thread-3 | transaccion=130
[BATCH-PROCESSOR] hilo=batch-thread-2 | transaccion=129
[BATCH-WRITER] hilo=main | chunk=5 | jobInstance=1 | invocacion=13
[BATCH-PROCESSOR] hilo=batch-thread-3 | transaccion=131
[BATCH-PROCESSOR] hilo=batch-thread-1 | transaccion=132
[BATCH-PROCESSOR] hilo=batch-thread-2 | transaccion=133
[BATCH-PROCESSOR] hilo=batch-thread-3 | transaccion=134
[BATCH-PROCESSOR] hilo=batch-thread-3 | transaccion=135
[BATCH-PROCESSOR] hilo=batch-thread-1 | transaccion=136
[BATCH-PROCESSOR] hilo=batch-thread-2 | transaccion=137
[BATCH-PROCESSOR] hilo=batch-thread-3 | transaccion=138
[BATCH-PROCESSOR] hilo=batch-thread-2 | transaccion=139
[BATCH-PROCESSOR] hilo=batch-thread-2 | transaccion=140
[BATCH-WRITER] hilo=main | chunk=4 | jobInstance=1 | invocacion=14
[BATCH-PROCESSOR] hilo=batch-thread-2 | transaccion=141
[BATCH-PROCESSOR] hilo=batch-thread-1 | transaccion=142
[BATCH-PROCESSOR] hilo=batch-thread-1 | transaccion=143
[BATCH-PROCESSOR] hilo=batch-thread-2 | transaccion=144
[BATCH-PROCESSOR] hilo=batch-thread-3 | transaccion=145
[BATCH-PROCESSOR] hilo=batch-thread-1 | transaccion=146
[BATCH-PROCESSOR] hilo=batch-thread-2 | transaccion=147
[BATCH-PROCESSOR] hilo=batch-thread-3 | transaccion=148
[BATCH-PROCESSOR] hilo=batch-thread-2 | transaccion=149
[BATCH-PROCESSOR] hilo=batch-thread-1 | transaccion=150
[BATCH-WRITER] hilo=main | chunk=6 | jobInstance=1 | invocacion=15
[BATCH-PROCESSOR] hilo=batch-thread-2 | transaccion=151
[BATCH-PROCESSOR] hilo=batch-thread-2 | transaccion=152
[BATCH-PROCESSOR] hilo=batch-thread-1 | transaccion=153
[BATCH-PROCESSOR] hilo=batch-thread-3 | transaccion=154
[BATCH-PROCESSOR] hilo=batch-thread-1 | transaccion=155
[BATCH-PROCESSOR] hilo=batch-thread-3 | transaccion=156
[BATCH-PROCESSOR] hilo=batch-thread-3 | transaccion=157
[BATCH-PROCESSOR] hilo=batch-thread-3 | transaccion=158
[BATCH-PROCESSOR] hilo=batch-thread-3 | transaccion=159
[BATCH-PROCESSOR] hilo=batch-thread-3 | transaccion=160
[BATCH-WRITER] hilo=main | chunk=7 | jobInstance=1 | invocacion=16
[BATCH-PROCESSOR] hilo=batch-thread-2 | transaccion=161
[BATCH-PROCESSOR] hilo=batch-thread-2 | transaccion=162
[BATCH-PROCESSOR] hilo=batch-thread-2 | transaccion=163
[BATCH-PROCESSOR] hilo=batch-thread-3 | transaccion=164
[BATCH-PROCESSOR] hilo=batch-thread-1 | transaccion=165
[BATCH-PROCESSOR] hilo=batch-thread-2 | transaccion=168
[BATCH-PROCESSOR] hilo=batch-thread-3 | transaccion=167
[BATCH-PROCESSOR] hilo=batch-thread-1 | transaccion=166
[BATCH-PROCESSOR] hilo=batch-thread-2 | transaccion=169
[BATCH-PROCESSOR] hilo=batch-thread-1 | transaccion=170
[BATCH-WRITER] hilo=main | chunk=4 | jobInstance=1 | invocacion=17
[BATCH-PROCESSOR] hilo=batch-thread-2 | transaccion=171
[BATCH-PROCESSOR] hilo=batch-thread-1 | transaccion=172
[BATCH-PROCESSOR] hilo=batch-thread-3 | transaccion=173
[BATCH-PROCESSOR] hilo=batch-thread-3 | transaccion=174
[BATCH-PROCESSOR] hilo=batch-thread-2 | transaccion=175
[BATCH-PROCESSOR] hilo=batch-thread-3 | transaccion=176
[BATCH-PROCESSOR] hilo=batch-thread-1 | transaccion=177
[BATCH-PROCESSOR] hilo=batch-thread-1 | transaccion=178
[BATCH-PROCESSOR] hilo=batch-thread-1 | transaccion=179
[BATCH-PROCESSOR] hilo=batch-thread-1 | transaccion=180
[BATCH-WRITER] hilo=main | chunk=4 | jobInstance=1 | invocacion=18
[BATCH-PROCESSOR] hilo=batch-thread-3 | transaccion=181
[BATCH-PROCESSOR] hilo=batch-thread-2 | transaccion=182
[BATCH-PROCESSOR] hilo=batch-thread-2 | transaccion=183
[BATCH-PROCESSOR] hilo=batch-thread-1 | transaccion=184
[BATCH-PROCESSOR] hilo=batch-thread-2 | transaccion=185
[BATCH-PROCESSOR] hilo=batch-thread-1 | transaccion=186
[BATCH-PROCESSOR] hilo=batch-thread-2 | transaccion=187
[BATCH-PROCESSOR] hilo=batch-thread-1 | transaccion=189
[BATCH-PROCESSOR] hilo=batch-thread-3 | transaccion=188
[BATCH-PROCESSOR] hilo=batch-thread-2 | transaccion=190
[BATCH-WRITER] hilo=main | chunk=6 | jobInstance=1 | invocacion=19
[BATCH-PROCESSOR] hilo=batch-thread-3 | transaccion=191
[BATCH-PROCESSOR] hilo=batch-thread-2 | transaccion=192
[BATCH-PROCESSOR] hilo=batch-thread-1 | transaccion=193
[BATCH-PROCESSOR] hilo=batch-thread-2 | transaccion=194
[BATCH-PROCESSOR] hilo=batch-thread-2 | transaccion=195
[BATCH-PROCESSOR] hilo=batch-thread-2 | transaccion=196
[BATCH-PROCESSOR] hilo=batch-thread-2 | transaccion=197
[BATCH-PROCESSOR] hilo=batch-thread-2 | transaccion=198
[BATCH-PROCESSOR] hilo=batch-thread-2 | transaccion=199
[BATCH-PROCESSOR] hilo=batch-thread-1 | transaccion=200
[BATCH-WRITER] hilo=main | chunk=6 | jobInstance=1 | invocacion=20
[BATCH-PROCESSOR] hilo=batch-thread-3 | transaccion=201
[BATCH-PROCESSOR] hilo=batch-thread-2 | transaccion=202
[BATCH-PROCESSOR] hilo=batch-thread-1 | transaccion=203
[BATCH-PROCESSOR] hilo=batch-thread-3 | transaccion=204
[BATCH-PROCESSOR] hilo=batch-thread-3 | transaccion=205
[BATCH-PROCESSOR] hilo=batch-thread-1 | transaccion=206
[BATCH-PROCESSOR] hilo=batch-thread-2 | transaccion=207
[BATCH-PROCESSOR] hilo=batch-thread-1 | transaccion=208
[BATCH-PROCESSOR] hilo=batch-thread-2 | transaccion=209
[BATCH-PROCESSOR] hilo=batch-thread-3 | transaccion=210
[BATCH-WRITER] hilo=main | chunk=5 | jobInstance=1 | invocacion=21
[BATCH-PROCESSOR] hilo=batch-thread-3 | transaccion=211
[BATCH-PROCESSOR] hilo=batch-thread-2 | transaccion=212
[BATCH-PROCESSOR] hilo=batch-thread-1 | transaccion=213
[BATCH-PROCESSOR] hilo=batch-thread-2 | transaccion=214
[BATCH-PROCESSOR] hilo=batch-thread-1 | transaccion=215
[BATCH-PROCESSOR] hilo=batch-thread-1 | transaccion=216
[BATCH-PROCESSOR] hilo=batch-thread-3 | transaccion=217
[BATCH-PROCESSOR] hilo=batch-thread-3 | transaccion=218
[BATCH-PROCESSOR] hilo=batch-thread-3 | transaccion=219
[BATCH-PROCESSOR] hilo=batch-thread-2 | transaccion=220
[BATCH-WRITER] hilo=main | chunk=6 | jobInstance=1 | invocacion=22
[BATCH-PROCESSOR] hilo=batch-thread-1 | transaccion=221
[BATCH-PROCESSOR] hilo=batch-thread-2 | transaccion=222
[BATCH-PROCESSOR] hilo=batch-thread-3 | transaccion=223
[BATCH-PROCESSOR] hilo=batch-thread-2 | transaccion=224
[BATCH-PROCESSOR] hilo=batch-thread-3 | transaccion=225
[BATCH-PROCESSOR] hilo=batch-thread-2 | transaccion=226
[BATCH-PROCESSOR] hilo=batch-thread-2 | transaccion=227
[BATCH-PROCESSOR] hilo=batch-thread-2 | transaccion=228
[BATCH-PROCESSOR] hilo=batch-thread-3 | transaccion=229
[BATCH-PROCESSOR] hilo=batch-thread-2 | transaccion=230
[BATCH-WRITER] hilo=main | chunk=5 | jobInstance=1 | invocacion=23
[BATCH-PROCESSOR] hilo=batch-thread-1 | transaccion=231
[BATCH-PROCESSOR] hilo=batch-thread-2 | transaccion=232
[BATCH-PROCESSOR] hilo=batch-thread-3 | transaccion=233
[BATCH-PROCESSOR] hilo=batch-thread-3 | transaccion=234
[BATCH-PROCESSOR] hilo=batch-thread-3 | transaccion=235
[BATCH-PROCESSOR] hilo=batch-thread-2 | transaccion=236
[BATCH-PROCESSOR] hilo=batch-thread-1 | transaccion=237
[BATCH-PROCESSOR] hilo=batch-thread-2 | transaccion=239
[BATCH-PROCESSOR] hilo=batch-thread-3 | transaccion=238
[BATCH-PROCESSOR] hilo=batch-thread-1 | transaccion=240
[BATCH-WRITER] hilo=main | chunk=7 | jobInstance=1 | invocacion=24
[BATCH-PROCESSOR] hilo=batch-thread-2 | transaccion=241
[BATCH-PROCESSOR] hilo=batch-thread-3 | transaccion=242
[BATCH-PROCESSOR] hilo=batch-thread-1 | transaccion=243
[BATCH-PROCESSOR] hilo=batch-thread-2 | transaccion=244
[BATCH-PROCESSOR] hilo=batch-thread-1 | transaccion=245
[BATCH-PROCESSOR] hilo=batch-thread-1 | transaccion=246
[BATCH-PROCESSOR] hilo=batch-thread-1 | transaccion=247
[BATCH-PROCESSOR] hilo=batch-thread-2 | transaccion=248
[BATCH-PROCESSOR] hilo=batch-thread-1 | transaccion=249
[BATCH-PROCESSOR] hilo=batch-thread-3 | transaccion=250
[BATCH-WRITER] hilo=main | chunk=5 | jobInstance=1 | invocacion=25
[BATCH-PROCESSOR] hilo=batch-thread-3 | transaccion=251
[BATCH-PROCESSOR] hilo=batch-thread-3 | transaccion=252
[BATCH-PROCESSOR] hilo=batch-thread-1 | transaccion=253
[BATCH-PROCESSOR] hilo=batch-thread-2 | transaccion=254
[BATCH-PROCESSOR] hilo=batch-thread-3 | transaccion=255
[BATCH-PROCESSOR] hilo=batch-thread-3 | transaccion=256
[BATCH-PROCESSOR] hilo=batch-thread-3 | transaccion=257
[BATCH-PROCESSOR] hilo=batch-thread-3 | transaccion=258
[BATCH-PROCESSOR] hilo=batch-thread-1 | transaccion=259
[BATCH-PROCESSOR] hilo=batch-thread-2 | transaccion=260
[BATCH-WRITER] hilo=main | chunk=5 | jobInstance=1 | invocacion=26
[BATCH-PROCESSOR] hilo=batch-thread-3 | transaccion=261
[BATCH-PROCESSOR] hilo=batch-thread-1 | transaccion=262
[BATCH-PROCESSOR] hilo=batch-thread-2 | transaccion=263
[BATCH-PROCESSOR] hilo=batch-thread-3 | transaccion=264
[BATCH-PROCESSOR] hilo=batch-thread-2 | transaccion=265
[BATCH-PROCESSOR] hilo=batch-thread-3 | transaccion=266
[BATCH-PROCESSOR] hilo=batch-thread-2 | transaccion=268
[BATCH-PROCESSOR] hilo=batch-thread-1 | transaccion=267
[BATCH-PROCESSOR] hilo=batch-thread-2 | transaccion=269
[BATCH-PROCESSOR] hilo=batch-thread-1 | transaccion=270
[BATCH-WRITER] hilo=main | chunk=3 | jobInstance=1 | invocacion=27
[BATCH-PROCESSOR] hilo=batch-thread-3 | transaccion=271
[BATCH-PROCESSOR] hilo=batch-thread-2 | transaccion=272
[BATCH-PROCESSOR] hilo=batch-thread-1 | transaccion=273
[BATCH-PROCESSOR] hilo=batch-thread-2 | transaccion=276
[BATCH-PROCESSOR] hilo=batch-thread-3 | transaccion=275
[BATCH-PROCESSOR] hilo=batch-thread-1 | transaccion=274
[BATCH-PROCESSOR] hilo=batch-thread-3 | transaccion=278
[BATCH-PROCESSOR] hilo=batch-thread-2 | transaccion=277
[BATCH-PROCESSOR] hilo=batch-thread-3 | transaccion=280
[BATCH-PROCESSOR] hilo=batch-thread-1 | transaccion=279
[BATCH-WRITER] hilo=main | chunk=6 | jobInstance=1 | invocacion=28
[BATCH-PROCESSOR] hilo=batch-thread-2 | transaccion=281
[BATCH-PROCESSOR] hilo=batch-thread-3 | transaccion=282
[BATCH-PROCESSOR] hilo=batch-thread-1 | transaccion=283
[BATCH-PROCESSOR] hilo=batch-thread-2 | transaccion=284
[BATCH-PROCESSOR] hilo=batch-thread-2 | transaccion=285
[BATCH-PROCESSOR] hilo=batch-thread-2 | transaccion=287
[BATCH-PROCESSOR] hilo=batch-thread-1 | transaccion=286
[BATCH-PROCESSOR] hilo=batch-thread-1 | transaccion=289
[BATCH-PROCESSOR] hilo=batch-thread-2 | transaccion=288
[BATCH-PROCESSOR] hilo=batch-thread-1 | transaccion=290
[BATCH-WRITER] hilo=main | chunk=7 | jobInstance=1 | invocacion=29
[BATCH-PROCESSOR] hilo=batch-thread-2 | transaccion=291
[BATCH-PROCESSOR] hilo=batch-thread-1 | transaccion=292
[BATCH-PROCESSOR] hilo=batch-thread-3 | transaccion=293
[BATCH-PROCESSOR] hilo=batch-thread-1 | transaccion=294
[BATCH-PROCESSOR] hilo=batch-thread-1 | transaccion=295
[BATCH-PROCESSOR] hilo=batch-thread-2 | transaccion=296
[BATCH-PROCESSOR] hilo=batch-thread-3 | transaccion=297
[BATCH-PROCESSOR] hilo=batch-thread-1 | transaccion=299
[BATCH-PROCESSOR] hilo=batch-thread-2 | transaccion=298
[BATCH-PROCESSOR] hilo=batch-thread-3 | transaccion=300
[BATCH-WRITER] hilo=main | chunk=1 | jobInstance=1 | invocacion=30
[BATCH-PROCESSOR] hilo=batch-thread-1 | transaccion=301
[BATCH-PROCESSOR] hilo=batch-thread-1 | transaccion=302
[BATCH-PROCESSOR] hilo=batch-thread-2 | transaccion=303
[BATCH-PROCESSOR] hilo=batch-thread-3 | transaccion=304
[BATCH-PROCESSOR] hilo=batch-thread-2 | transaccion=305
[BATCH-PROCESSOR] hilo=batch-thread-3 | transaccion=306
[BATCH-PROCESSOR] hilo=batch-thread-1 | transaccion=307
[BATCH-PROCESSOR] hilo=batch-thread-2 | transaccion=308
[BATCH-PROCESSOR] hilo=batch-thread-1 | transaccion=309
[BATCH-PROCESSOR] hilo=batch-thread-3 | transaccion=310
[BATCH-WRITER] hilo=main | chunk=3 | jobInstance=1 | invocacion=31
[BATCH-PROCESSOR] hilo=batch-thread-1 | transaccion=311
[BATCH-PROCESSOR] hilo=batch-thread-2 | transaccion=312
[BATCH-PROCESSOR] hilo=batch-thread-3 | transaccion=313
[BATCH-PROCESSOR] hilo=batch-thread-3 | transaccion=314
[BATCH-PROCESSOR] hilo=batch-thread-2 | transaccion=315
[BATCH-PROCESSOR] hilo=batch-thread-1 | transaccion=316
[BATCH-PROCESSOR] hilo=batch-thread-2 | transaccion=317
[BATCH-PROCESSOR] hilo=batch-thread-3 | transaccion=318
[BATCH-PROCESSOR] hilo=batch-thread-1 | transaccion=319
[BATCH-PROCESSOR] hilo=batch-thread-3 | transaccion=320
[BATCH-PROCESSOR] hilo=batch-thread-2 | transaccion=321
[BATCH-PROCESSOR] hilo=batch-thread-1 | transaccion=322
[BATCH-PROCESSOR] hilo=batch-thread-3 | transaccion=323
[BATCH-PROCESSOR] hilo=batch-thread-2 | transaccion=324
[BATCH-PROCESSOR] hilo=batch-thread-3 | transaccion=325
[BATCH-PROCESSOR] hilo=batch-thread-3 | transaccion=326
[BATCH-PROCESSOR] hilo=batch-thread-3 | transaccion=327
[BATCH-PROCESSOR] hilo=batch-thread-1 | transaccion=329
[BATCH-PROCESSOR] hilo=batch-thread-2 | transaccion=328
[BATCH-PROCESSOR] hilo=batch-thread-2 | transaccion=330
[BATCH-WRITER] hilo=main | chunk=4 | jobInstance=1 | invocacion=32
[BATCH-PROCESSOR] hilo=batch-thread-3 | transaccion=331
[BATCH-PROCESSOR] hilo=batch-thread-1 | transaccion=332
[BATCH-PROCESSOR] hilo=batch-thread-2 | transaccion=333
[BATCH-PROCESSOR] hilo=batch-thread-3 | transaccion=334
[BATCH-PROCESSOR] hilo=batch-thread-1 | transaccion=335
[BATCH-PROCESSOR] hilo=batch-thread-3 | transaccion=336
[BATCH-PROCESSOR] hilo=batch-thread-1 | transaccion=337
[BATCH-PROCESSOR] hilo=batch-thread-1 | transaccion=338
[BATCH-PROCESSOR] hilo=batch-thread-2 | transaccion=339
[BATCH-PROCESSOR] hilo=batch-thread-1 | transaccion=340
[BATCH-WRITER] hilo=main | chunk=6 | jobInstance=1 | invocacion=33
[BATCH-PROCESSOR] hilo=batch-thread-3 | transaccion=341
[BATCH-PROCESSOR] hilo=batch-thread-1 | transaccion=342
[BATCH-PROCESSOR] hilo=batch-thread-2 | transaccion=343
[BATCH-PROCESSOR] hilo=batch-thread-1 | transaccion=344
[BATCH-PROCESSOR] hilo=batch-thread-1 | transaccion=345
[BATCH-PROCESSOR] hilo=batch-thread-2 | transaccion=346
[BATCH-PROCESSOR] hilo=batch-thread-3 | transaccion=347
[BATCH-PROCESSOR] hilo=batch-thread-1 | transaccion=348
[BATCH-PROCESSOR] hilo=batch-thread-1 | transaccion=349
[BATCH-PROCESSOR] hilo=batch-thread-1 | transaccion=350
[BATCH-WRITER] hilo=main | chunk=4 | jobInstance=1 | invocacion=34
[BATCH-PROCESSOR] hilo=batch-thread-1 | transaccion=351
[BATCH-PROCESSOR] hilo=batch-thread-3 | transaccion=352
[BATCH-PROCESSOR] hilo=batch-thread-2 | transaccion=353
[BATCH-PROCESSOR] hilo=batch-thread-1 | transaccion=354
[BATCH-PROCESSOR] hilo=batch-thread-2 | transaccion=355
[BATCH-PROCESSOR] hilo=batch-thread-1 | transaccion=356
[BATCH-PROCESSOR] hilo=batch-thread-2 | transaccion=357
[BATCH-PROCESSOR] hilo=batch-thread-1 | transaccion=358
[BATCH-PROCESSOR] hilo=batch-thread-3 | transaccion=359
[BATCH-PROCESSOR] hilo=batch-thread-2 | transaccion=360
[BATCH-WRITER] hilo=main | chunk=3 | jobInstance=1 | invocacion=35
[BATCH-PROCESSOR] hilo=batch-thread-1 | transaccion=361
[BATCH-PROCESSOR] hilo=batch-thread-3 | transaccion=362
[BATCH-PROCESSOR] hilo=batch-thread-2 | transaccion=363
[BATCH-PROCESSOR] hilo=batch-thread-3 | transaccion=364
[BATCH-PROCESSOR] hilo=batch-thread-3 | transaccion=365
[BATCH-PROCESSOR] hilo=batch-thread-3 | transaccion=366
[BATCH-PROCESSOR] hilo=batch-thread-3 | transaccion=367
[BATCH-PROCESSOR] hilo=batch-thread-3 | transaccion=368
[BATCH-PROCESSOR] hilo=batch-thread-3 | transaccion=369
[BATCH-PROCESSOR] hilo=batch-thread-1 | transaccion=370
[BATCH-WRITER] hilo=main | chunk=7 | jobInstance=1 | invocacion=36
[BATCH-PROCESSOR] hilo=batch-thread-1 | transaccion=371
[BATCH-PROCESSOR] hilo=batch-thread-1 | transaccion=372
[BATCH-PROCESSOR] hilo=batch-thread-2 | transaccion=373
[BATCH-PROCESSOR] hilo=batch-thread-3 | transaccion=374
[BATCH-PROCESSOR] hilo=batch-thread-1 | transaccion=375
[BATCH-PROCESSOR] hilo=batch-thread-1 | transaccion=376
[BATCH-PROCESSOR] hilo=batch-thread-2 | transaccion=377
[BATCH-PROCESSOR] hilo=batch-thread-1 | transaccion=378
[BATCH-PROCESSOR] hilo=batch-thread-1 | transaccion=379
[BATCH-PROCESSOR] hilo=batch-thread-3 | transaccion=380
[BATCH-WRITER] hilo=main | chunk=7 | jobInstance=1 | invocacion=37
[BATCH-PROCESSOR] hilo=batch-thread-3 | transaccion=381
[BATCH-PROCESSOR] hilo=batch-thread-1 | transaccion=382
[BATCH-PROCESSOR] hilo=batch-thread-2 | transaccion=383
[BATCH-PROCESSOR] hilo=batch-thread-1 | transaccion=384
[BATCH-PROCESSOR] hilo=batch-thread-3 | transaccion=385
[BATCH-PROCESSOR] hilo=batch-thread-2 | transaccion=386
[BATCH-PROCESSOR] hilo=batch-thread-1 | transaccion=387
[BATCH-PROCESSOR] hilo=batch-thread-3 | transaccion=388
[BATCH-PROCESSOR] hilo=batch-thread-2 | transaccion=389
[BATCH-PROCESSOR] hilo=batch-thread-1 | transaccion=390
[BATCH-WRITER] hilo=main | chunk=1 | jobInstance=1 | invocacion=38
[BATCH-PROCESSOR] hilo=batch-thread-1 | transaccion=391
[BATCH-PROCESSOR] hilo=batch-thread-2 | transaccion=392
[BATCH-PROCESSOR] hilo=batch-thread-3 | transaccion=393
[BATCH-PROCESSOR] hilo=batch-thread-1 | transaccion=394
[BATCH-PROCESSOR] hilo=batch-thread-2 | transaccion=395
[BATCH-PROCESSOR] hilo=batch-thread-2 | transaccion=396
[BATCH-PROCESSOR] hilo=batch-thread-1 | transaccion=397
[BATCH-PROCESSOR] hilo=batch-thread-1 | transaccion=398
[BATCH-PROCESSOR] hilo=batch-thread-2 | transaccion=399
[BATCH-PROCESSOR] hilo=batch-thread-2 | transaccion=400
[BATCH-WRITER] hilo=main | chunk=7 | jobInstance=1 | invocacion=39
[BATCH-PROCESSOR] hilo=batch-thread-2 | transaccion=401
[BATCH-PROCESSOR] hilo=batch-thread-1 | transaccion=402
[BATCH-PROCESSOR] hilo=batch-thread-3 | transaccion=403
[BATCH-PROCESSOR] hilo=batch-thread-2 | transaccion=404
[BATCH-PROCESSOR] hilo=batch-thread-3 | transaccion=405
[BATCH-PROCESSOR] hilo=batch-thread-3 | transaccion=406
[BATCH-PROCESSOR] hilo=batch-thread-1 | transaccion=407
[BATCH-PROCESSOR] hilo=batch-thread-2 | transaccion=408
[BATCH-PROCESSOR] hilo=batch-thread-2 | transaccion=410
[BATCH-PROCESSOR] hilo=batch-thread-3 | transaccion=409
[BATCH-WRITER] hilo=main | chunk=5 | jobInstance=1 | invocacion=40
[BATCH-PROCESSOR] hilo=batch-thread-3 | transaccion=411
[BATCH-PROCESSOR] hilo=batch-thread-3 | transaccion=412
[BATCH-PROCESSOR] hilo=batch-thread-2 | transaccion=413
[BATCH-PROCESSOR] hilo=batch-thread-1 | transaccion=414
[BATCH-PROCESSOR] hilo=batch-thread-3 | transaccion=415
[BATCH-PROCESSOR] hilo=batch-thread-1 | transaccion=416
[BATCH-PROCESSOR] hilo=batch-thread-2 | transaccion=417
[BATCH-PROCESSOR] hilo=batch-thread-3 | transaccion=418
[BATCH-PROCESSOR] hilo=batch-thread-2 | transaccion=419
[BATCH-PROCESSOR] hilo=batch-thread-1 | transaccion=420
[BATCH-WRITER] hilo=main | chunk=3 | jobInstance=1 | invocacion=41
[BATCH-PROCESSOR] hilo=batch-thread-2 | transaccion=421
[BATCH-PROCESSOR] hilo=batch-thread-1 | transaccion=422
[BATCH-PROCESSOR] hilo=batch-thread-3 | transaccion=423
[BATCH-PROCESSOR] hilo=batch-thread-2 | transaccion=424
[BATCH-PROCESSOR] hilo=batch-thread-1 | transaccion=425
[BATCH-PROCESSOR] hilo=batch-thread-2 | transaccion=426
[BATCH-PROCESSOR] hilo=batch-thread-2 | transaccion=427
[BATCH-PROCESSOR] hilo=batch-thread-1 | transaccion=428
[BATCH-PROCESSOR] hilo=batch-thread-3 | transaccion=429
[BATCH-PROCESSOR] hilo=batch-thread-2 | transaccion=430
[BATCH-WRITER] hilo=main | chunk=5 | jobInstance=1 | invocacion=42
[BATCH-PROCESSOR] hilo=batch-thread-1 | transaccion=431
[BATCH-PROCESSOR] hilo=batch-thread-2 | transaccion=432
[BATCH-PROCESSOR] hilo=batch-thread-3 | transaccion=433
[BATCH-PROCESSOR] hilo=batch-thread-2 | transaccion=434
[BATCH-PROCESSOR] hilo=batch-thread-3 | transaccion=435
[BATCH-PROCESSOR] hilo=batch-thread-2 | transaccion=436
[BATCH-PROCESSOR] hilo=batch-thread-2 | transaccion=437
[BATCH-PROCESSOR] hilo=batch-thread-1 | transaccion=438
[BATCH-PROCESSOR] hilo=batch-thread-3 | transaccion=439
[BATCH-PROCESSOR] hilo=batch-thread-3 | transaccion=440
[BATCH-WRITER] hilo=main | chunk=3 | jobInstance=1 | invocacion=43
[BATCH-PROCESSOR] hilo=batch-thread-2 | transaccion=441
[BATCH-PROCESSOR] hilo=batch-thread-1 | transaccion=442
[BATCH-PROCESSOR] hilo=batch-thread-3 | transaccion=443
[BATCH-PROCESSOR] hilo=batch-thread-1 | transaccion=444
[BATCH-PROCESSOR] hilo=batch-thread-2 | transaccion=445
[BATCH-PROCESSOR] hilo=batch-thread-2 | transaccion=446
[BATCH-PROCESSOR] hilo=batch-thread-1 | transaccion=447
[BATCH-PROCESSOR] hilo=batch-thread-1 | transaccion=448
[BATCH-PROCESSOR] hilo=batch-thread-3 | transaccion=449
[BATCH-PROCESSOR] hilo=batch-thread-3 | transaccion=450
[BATCH-WRITER] hilo=main | chunk=5 | jobInstance=1 | invocacion=44
[BATCH-PROCESSOR] hilo=batch-thread-3 | transaccion=451
[BATCH-PROCESSOR] hilo=batch-thread-1 | transaccion=452
[BATCH-PROCESSOR] hilo=batch-thread-2 | transaccion=453
[BATCH-PROCESSOR] hilo=batch-thread-1 | transaccion=454
[BATCH-PROCESSOR] hilo=batch-thread-1 | transaccion=455
[BATCH-PROCESSOR] hilo=batch-thread-2 | transaccion=456
[BATCH-PROCESSOR] hilo=batch-thread-1 | transaccion=458
[BATCH-PROCESSOR] hilo=batch-thread-3 | transaccion=457
[BATCH-PROCESSOR] hilo=batch-thread-1 | transaccion=459
[BATCH-PROCESSOR] hilo=batch-thread-3 | transaccion=460
[BATCH-WRITER] hilo=main | chunk=5 | jobInstance=1 | invocacion=45
[BATCH-PROCESSOR] hilo=batch-thread-1 | transaccion=461
[BATCH-PROCESSOR] hilo=batch-thread-2 | transaccion=462
[BATCH-PROCESSOR] hilo=batch-thread-3 | transaccion=463
[BATCH-PROCESSOR] hilo=batch-thread-3 | transaccion=464
[BATCH-PROCESSOR] hilo=batch-thread-3 | transaccion=465
[BATCH-PROCESSOR] hilo=batch-thread-3 | transaccion=466
[BATCH-PROCESSOR] hilo=batch-thread-1 | transaccion=467
[BATCH-PROCESSOR] hilo=batch-thread-1 | transaccion=468
[BATCH-PROCESSOR] hilo=batch-thread-1 | transaccion=469
[BATCH-PROCESSOR] hilo=batch-thread-3 | transaccion=470
[BATCH-WRITER] hilo=main | chunk=5 | jobInstance=1 | invocacion=46
[BATCH-PROCESSOR] hilo=batch-thread-2 | transaccion=471
[BATCH-PROCESSOR] hilo=batch-thread-1 | transaccion=472
[BATCH-PROCESSOR] hilo=batch-thread-3 | transaccion=473
[BATCH-PROCESSOR] hilo=batch-thread-2 | transaccion=474
[BATCH-PROCESSOR] hilo=batch-thread-1 | transaccion=475
[BATCH-PROCESSOR] hilo=batch-thread-3 | transaccion=476
[BATCH-PROCESSOR] hilo=batch-thread-3 | transaccion=477
[BATCH-PROCESSOR] hilo=batch-thread-1 | transaccion=478
[BATCH-PROCESSOR] hilo=batch-thread-3 | transaccion=479
[BATCH-PROCESSOR] hilo=batch-thread-2 | transaccion=480
[BATCH-WRITER] hilo=main | chunk=2 | jobInstance=1 | invocacion=47
[BATCH-PROCESSOR] hilo=batch-thread-2 | transaccion=481
[BATCH-PROCESSOR] hilo=batch-thread-3 | transaccion=482
[BATCH-PROCESSOR] hilo=batch-thread-1 | transaccion=483
[BATCH-PROCESSOR] hilo=batch-thread-2 | transaccion=484
[BATCH-PROCESSOR] hilo=batch-thread-1 | transaccion=485
[BATCH-PROCESSOR] hilo=batch-thread-2 | transaccion=486
[BATCH-PROCESSOR] hilo=batch-thread-2 | transaccion=487
[BATCH-PROCESSOR] hilo=batch-thread-2 | transaccion=488
[BATCH-PROCESSOR] hilo=batch-thread-1 | transaccion=489
[BATCH-PROCESSOR] hilo=batch-thread-3 | transaccion=490
[BATCH-WRITER] hilo=main | chunk=5 | jobInstance=1 | invocacion=48
[BATCH-PROCESSOR] hilo=batch-thread-1 | transaccion=491
[BATCH-PROCESSOR] hilo=batch-thread-2 | transaccion=492
[BATCH-PROCESSOR] hilo=batch-thread-3 | transaccion=493
[BATCH-PROCESSOR] hilo=batch-thread-3 | transaccion=494
[BATCH-PROCESSOR] hilo=batch-thread-1 | transaccion=495
[BATCH-PROCESSOR] hilo=batch-thread-3 | transaccion=496
[BATCH-PROCESSOR] hilo=batch-thread-1 | transaccion=497
[BATCH-PROCESSOR] hilo=batch-thread-2 | transaccion=498
[BATCH-PROCESSOR] hilo=batch-thread-1 | transaccion=499
[BATCH-PROCESSOR] hilo=batch-thread-3 | transaccion=500
[BATCH-WRITER] hilo=main | chunk=3 | jobInstance=1 | invocacion=49
[BATCH-PROCESSOR] hilo=batch-thread-1 | transaccion=501
[BATCH-PROCESSOR] hilo=batch-thread-2 | transaccion=502
[BATCH-PROCESSOR] hilo=batch-thread-3 | transaccion=503
[BATCH-PROCESSOR] hilo=batch-thread-2 | transaccion=504
[BATCH-PROCESSOR] hilo=batch-thread-2 | transaccion=505
[BATCH-PROCESSOR] hilo=batch-thread-2 | transaccion=506
[BATCH-PROCESSOR] hilo=batch-thread-3 | transaccion=507
[BATCH-PROCESSOR] hilo=batch-thread-1 | transaccion=509
[BATCH-PROCESSOR] hilo=batch-thread-2 | transaccion=508
[BATCH-PROCESSOR] hilo=batch-thread-1 | transaccion=510
[BATCH-WRITER] hilo=main | chunk=6 | jobInstance=1 | invocacion=50
[BATCH-PROCESSOR] hilo=batch-thread-2 | transaccion=511
[BATCH-PROCESSOR] hilo=batch-thread-1 | transaccion=512
[BATCH-PROCESSOR] hilo=batch-thread-3 | transaccion=513
[BATCH-PROCESSOR] hilo=batch-thread-1 | transaccion=514
[BATCH-PROCESSOR] hilo=batch-thread-2 | transaccion=515
[BATCH-PROCESSOR] hilo=batch-thread-2 | transaccion=516
[BATCH-PROCESSOR] hilo=batch-thread-3 | transaccion=518
[BATCH-PROCESSOR] hilo=batch-thread-1 | transaccion=517
[BATCH-PROCESSOR] hilo=batch-thread-2 | transaccion=519
[BATCH-PROCESSOR] hilo=batch-thread-3 | transaccion=520
[BATCH-WRITER] hilo=main | chunk=3 | jobInstance=1 | invocacion=51
[BATCH-PROCESSOR] hilo=batch-thread-1 | transaccion=521
[BATCH-PROCESSOR] hilo=batch-thread-3 | transaccion=522
[BATCH-PROCESSOR] hilo=batch-thread-2 | transaccion=523
[BATCH-PROCESSOR] hilo=batch-thread-1 | transaccion=524
[BATCH-PROCESSOR] hilo=batch-thread-1 | transaccion=525
[BATCH-PROCESSOR] hilo=batch-thread-3 | transaccion=527
[BATCH-PROCESSOR] hilo=batch-thread-2 | transaccion=526
[BATCH-PROCESSOR] hilo=batch-thread-3 | transaccion=528
[BATCH-PROCESSOR] hilo=batch-thread-1 | transaccion=529
[BATCH-PROCESSOR] hilo=batch-thread-1 | transaccion=530
[BATCH-WRITER] hilo=main | chunk=3 | jobInstance=1 | invocacion=52
[BATCH-PROCESSOR] hilo=batch-thread-3 | transaccion=531
[BATCH-PROCESSOR] hilo=batch-thread-3 | transaccion=532
[BATCH-PROCESSOR] hilo=batch-thread-1 | transaccion=533
[BATCH-PROCESSOR] hilo=batch-thread-1 | transaccion=534
[BATCH-PROCESSOR] hilo=batch-thread-2 | transaccion=535
[BATCH-PROCESSOR] hilo=batch-thread-3 | transaccion=536
[BATCH-PROCESSOR] hilo=batch-thread-3 | transaccion=537
[BATCH-PROCESSOR] hilo=batch-thread-1 | transaccion=539
[BATCH-PROCESSOR] hilo=batch-thread-2 | transaccion=538
[BATCH-PROCESSOR] hilo=batch-thread-1 | transaccion=540
[BATCH-WRITER] hilo=main | chunk=7 | jobInstance=1 | invocacion=53
[BATCH-PROCESSOR] hilo=batch-thread-2 | transaccion=541
[BATCH-PROCESSOR] hilo=batch-thread-1 | transaccion=542
[BATCH-PROCESSOR] hilo=batch-thread-3 | transaccion=543
[BATCH-PROCESSOR] hilo=batch-thread-2 | transaccion=544
[BATCH-PROCESSOR] hilo=batch-thread-2 | transaccion=545
[BATCH-PROCESSOR] hilo=batch-thread-2 | transaccion=546
[BATCH-PROCESSOR] hilo=batch-thread-2 | transaccion=547
[BATCH-PROCESSOR] hilo=batch-thread-2 | transaccion=548
[BATCH-PROCESSOR] hilo=batch-thread-2 | transaccion=549
[BATCH-PROCESSOR] hilo=batch-thread-3 | transaccion=550
[BATCH-WRITER] hilo=main | chunk=7 | jobInstance=1 | invocacion=54
[BATCH-PROCESSOR] hilo=batch-thread-1 | transaccion=551
[BATCH-PROCESSOR] hilo=batch-thread-3 | transaccion=552
[BATCH-PROCESSOR] hilo=batch-thread-2 | transaccion=553
[BATCH-PROCESSOR] hilo=batch-thread-2 | transaccion=554
[BATCH-PROCESSOR] hilo=batch-thread-2 | transaccion=555
[BATCH-PROCESSOR] hilo=batch-thread-2 | transaccion=556
[BATCH-PROCESSOR] hilo=batch-thread-2 | transaccion=557
[BATCH-PROCESSOR] hilo=batch-thread-1 | transaccion=559
[BATCH-PROCESSOR] hilo=batch-thread-3 | transaccion=560
[BATCH-PROCESSOR] hilo=batch-thread-2 | transaccion=558
[BATCH-WRITER] hilo=main | chunk=4 | jobInstance=1 | invocacion=55
[BATCH-PROCESSOR] hilo=batch-thread-3 | transaccion=561
[BATCH-PROCESSOR] hilo=batch-thread-2 | transaccion=562
[BATCH-PROCESSOR] hilo=batch-thread-2 | transaccion=563
[BATCH-PROCESSOR] hilo=batch-thread-1 | transaccion=564
[BATCH-PROCESSOR] hilo=batch-thread-2 | transaccion=565
[BATCH-PROCESSOR] hilo=batch-thread-1 | transaccion=566
[BATCH-PROCESSOR] hilo=batch-thread-1 | transaccion=567
[BATCH-PROCESSOR] hilo=batch-thread-1 | transaccion=568
[BATCH-PROCESSOR] hilo=batch-thread-1 | transaccion=569
[BATCH-PROCESSOR] hilo=batch-thread-2 | transaccion=570
[BATCH-WRITER] hilo=main | chunk=6 | jobInstance=1 | invocacion=56
[BATCH-PROCESSOR] hilo=batch-thread-1 | transaccion=571
[BATCH-PROCESSOR] hilo=batch-thread-3 | transaccion=572
[BATCH-PROCESSOR] hilo=batch-thread-2 | transaccion=573
[BATCH-PROCESSOR] hilo=batch-thread-1 | transaccion=574
[BATCH-PROCESSOR] hilo=batch-thread-3 | transaccion=575
[BATCH-PROCESSOR] hilo=batch-thread-2 | transaccion=576
[BATCH-PROCESSOR] hilo=batch-thread-1 | transaccion=577
[BATCH-PROCESSOR] hilo=batch-thread-1 | transaccion=578
[BATCH-PROCESSOR] hilo=batch-thread-3 | transaccion=579
[BATCH-PROCESSOR] hilo=batch-thread-1 | transaccion=580
[BATCH-WRITER] hilo=main | chunk=6 | jobInstance=1 | invocacion=57
[BATCH-PROCESSOR] hilo=batch-thread-3 | transaccion=581
[BATCH-PROCESSOR] hilo=batch-thread-2 | transaccion=582
[BATCH-PROCESSOR] hilo=batch-thread-1 | transaccion=583
[BATCH-PROCESSOR] hilo=batch-thread-3 | transaccion=584
[BATCH-PROCESSOR] hilo=batch-thread-1 | transaccion=585
[BATCH-PROCESSOR] hilo=batch-thread-1 | transaccion=586
[BATCH-PROCESSOR] hilo=batch-thread-1 | transaccion=587
[BATCH-PROCESSOR] hilo=batch-thread-1 | transaccion=588
[BATCH-PROCESSOR] hilo=batch-thread-1 | transaccion=589
[BATCH-PROCESSOR] hilo=batch-thread-1 | transaccion=590
[BATCH-WRITER] hilo=main | chunk=7 | jobInstance=1 | invocacion=58
[BATCH-PROCESSOR] hilo=batch-thread-1 | transaccion=591
[BATCH-PROCESSOR] hilo=batch-thread-3 | transaccion=592
[BATCH-PROCESSOR] hilo=batch-thread-3 | transaccion=594
[BATCH-PROCESSOR] hilo=batch-thread-2 | transaccion=593
[BATCH-PROCESSOR] hilo=batch-thread-1 | transaccion=595
[BATCH-PROCESSOR] hilo=batch-thread-2 | transaccion=596
[BATCH-PROCESSOR] hilo=batch-thread-2 | transaccion=598
[BATCH-PROCESSOR] hilo=batch-thread-1 | transaccion=597
[BATCH-PROCESSOR] hilo=batch-thread-1 | transaccion=599
[BATCH-PROCESSOR] hilo=batch-thread-3 | transaccion=600
[BATCH-WRITER] hilo=main | chunk=4 | jobInstance=1 | invocacion=59
[BATCH-PROCESSOR] hilo=batch-thread-2 | transaccion=601
[BATCH-PROCESSOR] hilo=batch-thread-1 | transaccion=602
[BATCH-PROCESSOR] hilo=batch-thread-3 | transaccion=603
[BATCH-PROCESSOR] hilo=batch-thread-1 | transaccion=604
[BATCH-PROCESSOR] hilo=batch-thread-1 | transaccion=605
[BATCH-PROCESSOR] hilo=batch-thread-1 | transaccion=607
[BATCH-PROCESSOR] hilo=batch-thread-3 | transaccion=606
[BATCH-PROCESSOR] hilo=batch-thread-1 | transaccion=608
[BATCH-PROCESSOR] hilo=batch-thread-1 | transaccion=609
[BATCH-PROCESSOR] hilo=batch-thread-1 | transaccion=610
[BATCH-WRITER] hilo=main | chunk=5 | jobInstance=1 | invocacion=60
[BATCH-PROCESSOR] hilo=batch-thread-2 | transaccion=611
[BATCH-PROCESSOR] hilo=batch-thread-1 | transaccion=612
[BATCH-PROCESSOR] hilo=batch-thread-3 | transaccion=613
[BATCH-PROCESSOR] hilo=batch-thread-1 | transaccion=614
[BATCH-PROCESSOR] hilo=batch-thread-3 | transaccion=615
[BATCH-PROCESSOR] hilo=batch-thread-1 | transaccion=616
[BATCH-PROCESSOR] hilo=batch-thread-2 | transaccion=617
[BATCH-PROCESSOR] hilo=batch-thread-3 | transaccion=618
[BATCH-PROCESSOR] hilo=batch-thread-3 | transaccion=619
[BATCH-PROCESSOR] hilo=batch-thread-3 | transaccion=620
[BATCH-WRITER] hilo=main | chunk=5 | jobInstance=1 | invocacion=61
[BATCH-PROCESSOR] hilo=batch-thread-3 | transaccion=621
[BATCH-PROCESSOR] hilo=batch-thread-3 | transaccion=622
[BATCH-PROCESSOR] hilo=batch-thread-1 | transaccion=623
[BATCH-PROCESSOR] hilo=batch-thread-2 | transaccion=624
[BATCH-PROCESSOR] hilo=batch-thread-1 | transaccion=625
[BATCH-PROCESSOR] hilo=batch-thread-2 | transaccion=626
[BATCH-PROCESSOR] hilo=batch-thread-2 | transaccion=627
[BATCH-PROCESSOR] hilo=batch-thread-3 | transaccion=628
[BATCH-PROCESSOR] hilo=batch-thread-2 | transaccion=629
[BATCH-PROCESSOR] hilo=batch-thread-1 | transaccion=630
[BATCH-WRITER] hilo=main | chunk=4 | jobInstance=1 | invocacion=62
[BATCH-PROCESSOR] hilo=batch-thread-2 | transaccion=631
[BATCH-PROCESSOR] hilo=batch-thread-3 | transaccion=632
[BATCH-PROCESSOR] hilo=batch-thread-1 | transaccion=633
[BATCH-PROCESSOR] hilo=batch-thread-2 | transaccion=634
[BATCH-PROCESSOR] hilo=batch-thread-1 | transaccion=635
[BATCH-PROCESSOR] hilo=batch-thread-2 | transaccion=636
[BATCH-PROCESSOR] hilo=batch-thread-2 | transaccion=637
[BATCH-PROCESSOR] hilo=batch-thread-2 | transaccion=638
[BATCH-PROCESSOR] hilo=batch-thread-1 | transaccion=639
[BATCH-PROCESSOR] hilo=batch-thread-1 | transaccion=640
[BATCH-WRITER] hilo=main | chunk=6 | jobInstance=1 | invocacion=63
[BATCH-PROCESSOR] hilo=batch-thread-1 | transaccion=641
[BATCH-PROCESSOR] hilo=batch-thread-3 | transaccion=642
[BATCH-PROCESSOR] hilo=batch-thread-2 | transaccion=643
[BATCH-PROCESSOR] hilo=batch-thread-1 | transaccion=644
[BATCH-PROCESSOR] hilo=batch-thread-3 | transaccion=645
[BATCH-PROCESSOR] hilo=batch-thread-3 | transaccion=647
[BATCH-PROCESSOR] hilo=batch-thread-1 | transaccion=646
[BATCH-PROCESSOR] hilo=batch-thread-3 | transaccion=648
[BATCH-PROCESSOR] hilo=batch-thread-1 | transaccion=649
[BATCH-PROCESSOR] hilo=batch-thread-1 | transaccion=650
[BATCH-WRITER] hilo=main | chunk=6 | jobInstance=1 | invocacion=64
[BATCH-PROCESSOR] hilo=batch-thread-1 | transaccion=651
[BATCH-PROCESSOR] hilo=batch-thread-2 | transaccion=652
[BATCH-PROCESSOR] hilo=batch-thread-2 | transaccion=653
[BATCH-PROCESSOR] hilo=batch-thread-3 | transaccion=654
[BATCH-PROCESSOR] hilo=batch-thread-2 | transaccion=655
[BATCH-PROCESSOR] hilo=batch-thread-3 | transaccion=656
[BATCH-PROCESSOR] hilo=batch-thread-2 | transaccion=657
[BATCH-PROCESSOR] hilo=batch-thread-3 | transaccion=658
[BATCH-PROCESSOR] hilo=batch-thread-2 | transaccion=659
[BATCH-PROCESSOR] hilo=batch-thread-1 | transaccion=660
[BATCH-WRITER] hilo=main | chunk=6 | jobInstance=1 | invocacion=65
[BATCH-PROCESSOR] hilo=batch-thread-2 | transaccion=661
[BATCH-PROCESSOR] hilo=batch-thread-3 | transaccion=662
[BATCH-PROCESSOR] hilo=batch-thread-1 | transaccion=663
[BATCH-PROCESSOR] hilo=batch-thread-2 | transaccion=664
[BATCH-PROCESSOR] hilo=batch-thread-3 | transaccion=665
[BATCH-PROCESSOR] hilo=batch-thread-1 | transaccion=666
[BATCH-PROCESSOR] hilo=batch-thread-3 | transaccion=667
[BATCH-PROCESSOR] hilo=batch-thread-3 | transaccion=669
[BATCH-PROCESSOR] hilo=batch-thread-3 | transaccion=670
[BATCH-PROCESSOR] hilo=batch-thread-2 | transaccion=668
[BATCH-WRITER] hilo=main | chunk=5 | jobInstance=1 | invocacion=66
[BATCH-PROCESSOR] hilo=batch-thread-3 | transaccion=671
[BATCH-PROCESSOR] hilo=batch-thread-1 | transaccion=672
[BATCH-PROCESSOR] hilo=batch-thread-2 | transaccion=673
[BATCH-PROCESSOR] hilo=batch-thread-2 | transaccion=674
[BATCH-PROCESSOR] hilo=batch-thread-1 | transaccion=675
[BATCH-PROCESSOR] hilo=batch-thread-2 | transaccion=676
[BATCH-PROCESSOR] hilo=batch-thread-3 | transaccion=677
[BATCH-PROCESSOR] hilo=batch-thread-1 | transaccion=678
[BATCH-PROCESSOR] hilo=batch-thread-2 | transaccion=679
[BATCH-PROCESSOR] hilo=batch-thread-3 | transaccion=680
[BATCH-WRITER] hilo=main | chunk=1 | jobInstance=1 | invocacion=67
[BATCH-PROCESSOR] hilo=batch-thread-1 | transaccion=681
[BATCH-PROCESSOR] hilo=batch-thread-3 | transaccion=682
[BATCH-PROCESSOR] hilo=batch-thread-2 | transaccion=683
[BATCH-PROCESSOR] hilo=batch-thread-3 | transaccion=684
[BATCH-PROCESSOR] hilo=batch-thread-2 | transaccion=685
[BATCH-PROCESSOR] hilo=batch-thread-1 | transaccion=686
[BATCH-PROCESSOR] hilo=batch-thread-3 | transaccion=687
[BATCH-PROCESSOR] hilo=batch-thread-2 | transaccion=688
[BATCH-PROCESSOR] hilo=batch-thread-1 | transaccion=689
[BATCH-PROCESSOR] hilo=batch-thread-1 | transaccion=690
[BATCH-WRITER] hilo=main | chunk=4 | jobInstance=1 | invocacion=68
[BATCH-PROCESSOR] hilo=batch-thread-1 | transaccion=691
[BATCH-PROCESSOR] hilo=batch-thread-1 | transaccion=692
[BATCH-PROCESSOR] hilo=batch-thread-3 | transaccion=693
[BATCH-PROCESSOR] hilo=batch-thread-2 | transaccion=694
[BATCH-PROCESSOR] hilo=batch-thread-2 | transaccion=695
[BATCH-PROCESSOR] hilo=batch-thread-1 | transaccion=696
[BATCH-PROCESSOR] hilo=batch-thread-2 | transaccion=697
[BATCH-PROCESSOR] hilo=batch-thread-3 | transaccion=698
[BATCH-PROCESSOR] hilo=batch-thread-1 | transaccion=699
[BATCH-PROCESSOR] hilo=batch-thread-3 | transaccion=700
[BATCH-WRITER] hilo=main | chunk=3 | jobInstance=1 | invocacion=69
[BATCH-PROCESSOR] hilo=batch-thread-3 | transaccion=701
[BATCH-PROCESSOR] hilo=batch-thread-1 | transaccion=702
[BATCH-PROCESSOR] hilo=batch-thread-2 | transaccion=703
[BATCH-PROCESSOR] hilo=batch-thread-2 | transaccion=704
[BATCH-PROCESSOR] hilo=batch-thread-1 | transaccion=705
[BATCH-PROCESSOR] hilo=batch-thread-1 | transaccion=706
[BATCH-PROCESSOR] hilo=batch-thread-3 | transaccion=707
[BATCH-PROCESSOR] hilo=batch-thread-1 | transaccion=708
[BATCH-PROCESSOR] hilo=batch-thread-3 | transaccion=709
[BATCH-PROCESSOR] hilo=batch-thread-1 | transaccion=710
[BATCH-WRITER] hilo=main | chunk=5 | jobInstance=1 | invocacion=70
[BATCH-PROCESSOR] hilo=batch-thread-1 | transaccion=711
[BATCH-PROCESSOR] hilo=batch-thread-2 | transaccion=712
[BATCH-PROCESSOR] hilo=batch-thread-3 | transaccion=713
[BATCH-PROCESSOR] hilo=batch-thread-1 | transaccion=714
[BATCH-PROCESSOR] hilo=batch-thread-2 | transaccion=715
[BATCH-PROCESSOR] hilo=batch-thread-3 | transaccion=716
[BATCH-PROCESSOR] hilo=batch-thread-1 | transaccion=717
[BATCH-PROCESSOR] hilo=batch-thread-3 | transaccion=718
[BATCH-PROCESSOR] hilo=batch-thread-2 | transaccion=719
[BATCH-PROCESSOR] hilo=batch-thread-1 | transaccion=720
[BATCH-PROCESSOR] hilo=batch-thread-2 | transaccion=721
[BATCH-PROCESSOR] hilo=batch-thread-3 | transaccion=722
[BATCH-PROCESSOR] hilo=batch-thread-1 | transaccion=723
[BATCH-PROCESSOR] hilo=batch-thread-1 | transaccion=724
[BATCH-PROCESSOR] hilo=batch-thread-2 | transaccion=725
[BATCH-PROCESSOR] hilo=batch-thread-3 | transaccion=726
[BATCH-PROCESSOR] hilo=batch-thread-1 | transaccion=727
[BATCH-PROCESSOR] hilo=batch-thread-1 | transaccion=729
[BATCH-PROCESSOR] hilo=batch-thread-3 | transaccion=728
[BATCH-PROCESSOR] hilo=batch-thread-2 | transaccion=730
[BATCH-WRITER] hilo=main | chunk=4 | jobInstance=1 | invocacion=71
[BATCH-PROCESSOR] hilo=batch-thread-2 | transaccion=731
[BATCH-PROCESSOR] hilo=batch-thread-1 | transaccion=732
[BATCH-PROCESSOR] hilo=batch-thread-3 | transaccion=733
[BATCH-PROCESSOR] hilo=batch-thread-1 | transaccion=734
[BATCH-PROCESSOR] hilo=batch-thread-1 | transaccion=735
[BATCH-PROCESSOR] hilo=batch-thread-1 | transaccion=736
[BATCH-PROCESSOR] hilo=batch-thread-2 | transaccion=737
[BATCH-PROCESSOR] hilo=batch-thread-3 | transaccion=738
[BATCH-PROCESSOR] hilo=batch-thread-1 | transaccion=739
[BATCH-PROCESSOR] hilo=batch-thread-2 | transaccion=740
[BATCH-WRITER] hilo=main | chunk=4 | jobInstance=1 | invocacion=72
[BATCH-PROCESSOR] hilo=batch-thread-2 | transaccion=741
[BATCH-PROCESSOR] hilo=batch-thread-3 | transaccion=742
[BATCH-PROCESSOR] hilo=batch-thread-1 | transaccion=743
[BATCH-PROCESSOR] hilo=batch-thread-1 | transaccion=744
[BATCH-PROCESSOR] hilo=batch-thread-1 | transaccion=745
[BATCH-PROCESSOR] hilo=batch-thread-2 | transaccion=746
[BATCH-PROCESSOR] hilo=batch-thread-3 | transaccion=747
[BATCH-PROCESSOR] hilo=batch-thread-3 | transaccion=748
[BATCH-PROCESSOR] hilo=batch-thread-3 | transaccion=749
[BATCH-PROCESSOR] hilo=batch-thread-1 | transaccion=750
[BATCH-WRITER] hilo=main | chunk=5 | jobInstance=1 | invocacion=73
[BATCH-PROCESSOR] hilo=batch-thread-1 | transaccion=751
[BATCH-PROCESSOR] hilo=batch-thread-2 | transaccion=752
[BATCH-PROCESSOR] hilo=batch-thread-3 | transaccion=753
[BATCH-PROCESSOR] hilo=batch-thread-3 | transaccion=754
[BATCH-PROCESSOR] hilo=batch-thread-3 | transaccion=755
[BATCH-PROCESSOR] hilo=batch-thread-2 | transaccion=756
[BATCH-PROCESSOR] hilo=batch-thread-2 | transaccion=758
[BATCH-PROCESSOR] hilo=batch-thread-1 | transaccion=757
[BATCH-PROCESSOR] hilo=batch-thread-1 | transaccion=759
[BATCH-PROCESSOR] hilo=batch-thread-1 | transaccion=760
[BATCH-WRITER] hilo=main | chunk=6 | jobInstance=1 | invocacion=74
[BATCH-PROCESSOR] hilo=batch-thread-1 | transaccion=761
[BATCH-PROCESSOR] hilo=batch-thread-1 | transaccion=762
[BATCH-PROCESSOR] hilo=batch-thread-2 | transaccion=763
[BATCH-PROCESSOR] hilo=batch-thread-1 | transaccion=764
[BATCH-PROCESSOR] hilo=batch-thread-1 | transaccion=765
[BATCH-PROCESSOR] hilo=batch-thread-3 | transaccion=766
[BATCH-PROCESSOR] hilo=batch-thread-3 | transaccion=767
[BATCH-PROCESSOR] hilo=batch-thread-3 | transaccion=768
[BATCH-PROCESSOR] hilo=batch-thread-2 | transaccion=769
[BATCH-PROCESSOR] hilo=batch-thread-3 | transaccion=770
[BATCH-WRITER] hilo=main | chunk=6 | jobInstance=1 | invocacion=75
[BATCH-PROCESSOR] hilo=batch-thread-1 | transaccion=771
[BATCH-PROCESSOR] hilo=batch-thread-3 | transaccion=772
[BATCH-PROCESSOR] hilo=batch-thread-2 | transaccion=773
[BATCH-PROCESSOR] hilo=batch-thread-1 | transaccion=774
[BATCH-PROCESSOR] hilo=batch-thread-1 | transaccion=776
[BATCH-PROCESSOR] hilo=batch-thread-1 | transaccion=777
[BATCH-PROCESSOR] hilo=batch-thread-1 | transaccion=778
[BATCH-PROCESSOR] hilo=batch-thread-3 | transaccion=775
[BATCH-PROCESSOR] hilo=batch-thread-1 | transaccion=779
[BATCH-PROCESSOR] hilo=batch-thread-1 | transaccion=780
[BATCH-WRITER] hilo=main | chunk=5 | jobInstance=1 | invocacion=76
[BATCH-PROCESSOR] hilo=batch-thread-2 | transaccion=781
[BATCH-PROCESSOR] hilo=batch-thread-3 | transaccion=782
[BATCH-PROCESSOR] hilo=batch-thread-1 | transaccion=783
[BATCH-PROCESSOR] hilo=batch-thread-1 | transaccion=784
[BATCH-PROCESSOR] hilo=batch-thread-3 | transaccion=785
[BATCH-PROCESSOR] hilo=batch-thread-2 | transaccion=786
[BATCH-PROCESSOR] hilo=batch-thread-1 | transaccion=787
[BATCH-PROCESSOR] hilo=batch-thread-1 | transaccion=788
[BATCH-PROCESSOR] hilo=batch-thread-3 | transaccion=789
[BATCH-PROCESSOR] hilo=batch-thread-3 | transaccion=790
[BATCH-WRITER] hilo=main | chunk=4 | jobInstance=1 | invocacion=77
[BATCH-PROCESSOR] hilo=batch-thread-3 | transaccion=791
[BATCH-PROCESSOR] hilo=batch-thread-1 | transaccion=792
[BATCH-PROCESSOR] hilo=batch-thread-2 | transaccion=793
[BATCH-PROCESSOR] hilo=batch-thread-3 | transaccion=794
[BATCH-PROCESSOR] hilo=batch-thread-2 | transaccion=795
[BATCH-PROCESSOR] hilo=batch-thread-1 | transaccion=796
[BATCH-PROCESSOR] hilo=batch-thread-2 | transaccion=797
[BATCH-PROCESSOR] hilo=batch-thread-2 | transaccion=798
[BATCH-PROCESSOR] hilo=batch-thread-2 | transaccion=799
[BATCH-PROCESSOR] hilo=batch-thread-3 | transaccion=800
[BATCH-WRITER] hilo=main | chunk=4 | jobInstance=1 | invocacion=78
[BATCH-PROCESSOR] hilo=batch-thread-1 | transaccion=801
[BATCH-PROCESSOR] hilo=batch-thread-3 | transaccion=802
[BATCH-PROCESSOR] hilo=batch-thread-2 | transaccion=803
[BATCH-PROCESSOR] hilo=batch-thread-3 | transaccion=804
[BATCH-PROCESSOR] hilo=batch-thread-3 | transaccion=805
[BATCH-PROCESSOR] hilo=batch-thread-1 | transaccion=806
[BATCH-PROCESSOR] hilo=batch-thread-2 | transaccion=807
[BATCH-PROCESSOR] hilo=batch-thread-2 | transaccion=808
[BATCH-PROCESSOR] hilo=batch-thread-2 | transaccion=809
[BATCH-PROCESSOR] hilo=batch-thread-3 | transaccion=810
[BATCH-WRITER] hilo=main | chunk=3 | jobInstance=1 | invocacion=79
[BATCH-PROCESSOR] hilo=batch-thread-2 | transaccion=811
[BATCH-PROCESSOR] hilo=batch-thread-1 | transaccion=812
[BATCH-PROCESSOR] hilo=batch-thread-3 | transaccion=813
[BATCH-PROCESSOR] hilo=batch-thread-2 | transaccion=814
[BATCH-PROCESSOR] hilo=batch-thread-2 | transaccion=815
[BATCH-PROCESSOR] hilo=batch-thread-1 | transaccion=817
[BATCH-PROCESSOR] hilo=batch-thread-3 | transaccion=816
[BATCH-PROCESSOR] hilo=batch-thread-2 | transaccion=818
[BATCH-PROCESSOR] hilo=batch-thread-2 | transaccion=819
[BATCH-PROCESSOR] hilo=batch-thread-1 | transaccion=820
[BATCH-WRITER] hilo=main | chunk=4 | jobInstance=1 | invocacion=80
[BATCH-PROCESSOR] hilo=batch-thread-3 | transaccion=821
[BATCH-PROCESSOR] hilo=batch-thread-1 | transaccion=822
[BATCH-PROCESSOR] hilo=batch-thread-2 | transaccion=823
[BATCH-PROCESSOR] hilo=batch-thread-1 | transaccion=824
[BATCH-PROCESSOR] hilo=batch-thread-2 | transaccion=825
[BATCH-PROCESSOR] hilo=batch-thread-1 | transaccion=826
[BATCH-PROCESSOR] hilo=batch-thread-1 | transaccion=827
[BATCH-PROCESSOR] hilo=batch-thread-1 | transaccion=828
[BATCH-PROCESSOR] hilo=batch-thread-3 | transaccion=829
[BATCH-PROCESSOR] hilo=batch-thread-1 | transaccion=830
[BATCH-WRITER] hilo=main | chunk=6 | jobInstance=1 | invocacion=81
[BATCH-PROCESSOR] hilo=batch-thread-2 | transaccion=831
[BATCH-PROCESSOR] hilo=batch-thread-1 | transaccion=832
[BATCH-PROCESSOR] hilo=batch-thread-3 | transaccion=833
[BATCH-PROCESSOR] hilo=batch-thread-2 | transaccion=834
[BATCH-PROCESSOR] hilo=batch-thread-1 | transaccion=835
[BATCH-PROCESSOR] hilo=batch-thread-3 | transaccion=836
[BATCH-PROCESSOR] hilo=batch-thread-2 | transaccion=837
[BATCH-PROCESSOR] hilo=batch-thread-3 | transaccion=838
[BATCH-PROCESSOR] hilo=batch-thread-2 | transaccion=839
[BATCH-PROCESSOR] hilo=batch-thread-1 | transaccion=840
[BATCH-WRITER] hilo=main | chunk=7 | jobInstance=1 | invocacion=82
[BATCH-PROCESSOR] hilo=batch-thread-3 | transaccion=841
[BATCH-PROCESSOR] hilo=batch-thread-2 | transaccion=842
[BATCH-PROCESSOR] hilo=batch-thread-2 | transaccion=843
[BATCH-PROCESSOR] hilo=batch-thread-1 | transaccion=844
[BATCH-PROCESSOR] hilo=batch-thread-1 | transaccion=845
[BATCH-PROCESSOR] hilo=batch-thread-2 | transaccion=846
[BATCH-PROCESSOR] hilo=batch-thread-3 | transaccion=848
[BATCH-PROCESSOR] hilo=batch-thread-1 | transaccion=847
[BATCH-PROCESSOR] hilo=batch-thread-3 | transaccion=849
[BATCH-PROCESSOR] hilo=batch-thread-1 | transaccion=850
[BATCH-WRITER] hilo=main | chunk=7 | jobInstance=1 | invocacion=83
[BATCH-PROCESSOR] hilo=batch-thread-3 | transaccion=851
[BATCH-PROCESSOR] hilo=batch-thread-1 | transaccion=852
[BATCH-PROCESSOR] hilo=batch-thread-2 | transaccion=853
[BATCH-PROCESSOR] hilo=batch-thread-1 | transaccion=855
[BATCH-PROCESSOR] hilo=batch-thread-3 | transaccion=856
[BATCH-PROCESSOR] hilo=batch-thread-2 | transaccion=854
[BATCH-PROCESSOR] hilo=batch-thread-1 | transaccion=857
[BATCH-PROCESSOR] hilo=batch-thread-2 | transaccion=859
[BATCH-PROCESSOR] hilo=batch-thread-1 | transaccion=860
[BATCH-PROCESSOR] hilo=batch-thread-3 | transaccion=858
[BATCH-WRITER] hilo=main | chunk=5 | jobInstance=1 | invocacion=84
[BATCH-PROCESSOR] hilo=batch-thread-2 | transaccion=861
[BATCH-PROCESSOR] hilo=batch-thread-1 | transaccion=862
[BATCH-PROCESSOR] hilo=batch-thread-3 | transaccion=863
[BATCH-PROCESSOR] hilo=batch-thread-2 | transaccion=864
[BATCH-PROCESSOR] hilo=batch-thread-3 | transaccion=866
[BATCH-PROCESSOR] hilo=batch-thread-1 | transaccion=865
[BATCH-PROCESSOR] hilo=batch-thread-1 | transaccion=868
[BATCH-PROCESSOR] hilo=batch-thread-3 | transaccion=867
[BATCH-PROCESSOR] hilo=batch-thread-2 | transaccion=869
[BATCH-PROCESSOR] hilo=batch-thread-2 | transaccion=870
[BATCH-WRITER] hilo=main | chunk=4 | jobInstance=1 | invocacion=85
[BATCH-PROCESSOR] hilo=batch-thread-3 | transaccion=871
[BATCH-PROCESSOR] hilo=batch-thread-1 | transaccion=872
[BATCH-PROCESSOR] hilo=batch-thread-2 | transaccion=873
[BATCH-PROCESSOR] hilo=batch-thread-3 | transaccion=874
[BATCH-PROCESSOR] hilo=batch-thread-1 | transaccion=875
[BATCH-PROCESSOR] hilo=batch-thread-1 | transaccion=876
[BATCH-PROCESSOR] hilo=batch-thread-2 | transaccion=877
[BATCH-PROCESSOR] hilo=batch-thread-1 | transaccion=878
[BATCH-PROCESSOR] hilo=batch-thread-3 | transaccion=879
[BATCH-PROCESSOR] hilo=batch-thread-1 | transaccion=880
[BATCH-WRITER] hilo=main | chunk=4 | jobInstance=1 | invocacion=86
[BATCH-PROCESSOR] hilo=batch-thread-2 | transaccion=881
[BATCH-PROCESSOR] hilo=batch-thread-1 | transaccion=882
[BATCH-PROCESSOR] hilo=batch-thread-3 | transaccion=883
[BATCH-PROCESSOR] hilo=batch-thread-3 | transaccion=885
[BATCH-PROCESSOR] hilo=batch-thread-1 | transaccion=884
[BATCH-PROCESSOR] hilo=batch-thread-3 | transaccion=886
[BATCH-PROCESSOR] hilo=batch-thread-1 | transaccion=887
[BATCH-PROCESSOR] hilo=batch-thread-3 | transaccion=888
[BATCH-PROCESSOR] hilo=batch-thread-1 | transaccion=889
[BATCH-PROCESSOR] hilo=batch-thread-1 | transaccion=890
[BATCH-WRITER] hilo=main | chunk=6 | jobInstance=1 | invocacion=87
[BATCH-PROCESSOR] hilo=batch-thread-1 | transaccion=891
[BATCH-PROCESSOR] hilo=batch-thread-2 | transaccion=892
[BATCH-PROCESSOR] hilo=batch-thread-3 | transaccion=893
[BATCH-PROCESSOR] hilo=batch-thread-2 | transaccion=894
[BATCH-PROCESSOR] hilo=batch-thread-3 | transaccion=895
[BATCH-PROCESSOR] hilo=batch-thread-3 | transaccion=896
[BATCH-PROCESSOR] hilo=batch-thread-1 | transaccion=897
[BATCH-PROCESSOR] hilo=batch-thread-2 | transaccion=898
[BATCH-PROCESSOR] hilo=batch-thread-1 | transaccion=899
[BATCH-PROCESSOR] hilo=batch-thread-2 | transaccion=900
[BATCH-WRITER] hilo=main | chunk=6 | jobInstance=1 | invocacion=88
[BATCH-PROCESSOR] hilo=batch-thread-1 | transaccion=901
[BATCH-PROCESSOR] hilo=batch-thread-2 | transaccion=902
[BATCH-PROCESSOR] hilo=batch-thread-3 | transaccion=903
[BATCH-PROCESSOR] hilo=batch-thread-3 | transaccion=904
[BATCH-PROCESSOR] hilo=batch-thread-3 | transaccion=905
[BATCH-PROCESSOR] hilo=batch-thread-3 | transaccion=906
[BATCH-PROCESSOR] hilo=batch-thread-1 | transaccion=908
[BATCH-PROCESSOR] hilo=batch-thread-1 | transaccion=909
[BATCH-PROCESSOR] hilo=batch-thread-2 | transaccion=907
[BATCH-PROCESSOR] hilo=batch-thread-2 | transaccion=910
[BATCH-WRITER] hilo=main | chunk=5 | jobInstance=1 | invocacion=89
[BATCH-PROCESSOR] hilo=batch-thread-3 | transaccion=911
[BATCH-PROCESSOR] hilo=batch-thread-1 | transaccion=912
[BATCH-PROCESSOR] hilo=batch-thread-2 | transaccion=913
[BATCH-PROCESSOR] hilo=batch-thread-3 | transaccion=914
[BATCH-PROCESSOR] hilo=batch-thread-1 | transaccion=915
[BATCH-PROCESSOR] hilo=batch-thread-3 | transaccion=916
[BATCH-PROCESSOR] hilo=batch-thread-1 | transaccion=917
[BATCH-PROCESSOR] hilo=batch-thread-2 | transaccion=919
[BATCH-PROCESSOR] hilo=batch-thread-3 | transaccion=918
[BATCH-PROCESSOR] hilo=batch-thread-2 | transaccion=920
[BATCH-WRITER] hilo=main | chunk=5 | jobInstance=1 | invocacion=90
[BATCH-PROCESSOR] hilo=batch-thread-2 | transaccion=921
[BATCH-PROCESSOR] hilo=batch-thread-1 | transaccion=922
[BATCH-PROCESSOR] hilo=batch-thread-3 | transaccion=923
[BATCH-PROCESSOR] hilo=batch-thread-1 | transaccion=924
[BATCH-PROCESSOR] hilo=batch-thread-1 | transaccion=925
[BATCH-PROCESSOR] hilo=batch-thread-2 | transaccion=926
[BATCH-PROCESSOR] hilo=batch-thread-3 | transaccion=927
[BATCH-PROCESSOR] hilo=batch-thread-1 | transaccion=928
[BATCH-PROCESSOR] hilo=batch-thread-2 | transaccion=929
[BATCH-PROCESSOR] hilo=batch-thread-2 | transaccion=930
[BATCH-WRITER] hilo=main | chunk=3 | jobInstance=1 | invocacion=91
[BATCH-PROCESSOR] hilo=batch-thread-2 | transaccion=931
[BATCH-PROCESSOR] hilo=batch-thread-3 | transaccion=932
[BATCH-PROCESSOR] hilo=batch-thread-3 | transaccion=933
[BATCH-PROCESSOR] hilo=batch-thread-1 | transaccion=934
[BATCH-PROCESSOR] hilo=batch-thread-3 | transaccion=935
[BATCH-PROCESSOR] hilo=batch-thread-1 | transaccion=936
[BATCH-PROCESSOR] hilo=batch-thread-2 | transaccion=937
[BATCH-PROCESSOR] hilo=batch-thread-1 | transaccion=938
[BATCH-PROCESSOR] hilo=batch-thread-2 | transaccion=939
[BATCH-PROCESSOR] hilo=batch-thread-2 | transaccion=940
[BATCH-WRITER] hilo=main | chunk=5 | jobInstance=1 | invocacion=92
[BATCH-PROCESSOR] hilo=batch-thread-2 | transaccion=941
[BATCH-PROCESSOR] hilo=batch-thread-3 | transaccion=942
[BATCH-PROCESSOR] hilo=batch-thread-1 | transaccion=943
[BATCH-PROCESSOR] hilo=batch-thread-3 | transaccion=944
[BATCH-PROCESSOR] hilo=batch-thread-1 | transaccion=945
[BATCH-PROCESSOR] hilo=batch-thread-1 | transaccion=946
[BATCH-PROCESSOR] hilo=batch-thread-1 | transaccion=947
[BATCH-PROCESSOR] hilo=batch-thread-3 | transaccion=948
[BATCH-PROCESSOR] hilo=batch-thread-3 | transaccion=949
[BATCH-PROCESSOR] hilo=batch-thread-2 | transaccion=950
[BATCH-WRITER] hilo=main | chunk=6 | jobInstance=1 | invocacion=93
[BATCH-PROCESSOR] hilo=batch-thread-1 | transaccion=951
[BATCH-PROCESSOR] hilo=batch-thread-2 | transaccion=952
[BATCH-PROCESSOR] hilo=batch-thread-3 | transaccion=953
[BATCH-PROCESSOR] hilo=batch-thread-2 | transaccion=954
[BATCH-PROCESSOR] hilo=batch-thread-3 | transaccion=955
[BATCH-PROCESSOR] hilo=batch-thread-3 | transaccion=956
[BATCH-PROCESSOR] hilo=batch-thread-1 | transaccion=957
[BATCH-PROCESSOR] hilo=batch-thread-2 | transaccion=958
[BATCH-PROCESSOR] hilo=batch-thread-3 | transaccion=959
[BATCH-PROCESSOR] hilo=batch-thread-2 | transaccion=960
[BATCH-WRITER] hilo=main | chunk=4 | jobInstance=1 | invocacion=94
[BATCH-PROCESSOR] hilo=batch-thread-1 | transaccion=961
[BATCH-PROCESSOR] hilo=batch-thread-2 | transaccion=962
[BATCH-PROCESSOR] hilo=batch-thread-3 | transaccion=963
[BATCH-PROCESSOR] hilo=batch-thread-2 | transaccion=964
[BATCH-PROCESSOR] hilo=batch-thread-2 | transaccion=965
[BATCH-PROCESSOR] hilo=batch-thread-3 | transaccion=966
[BATCH-PROCESSOR] hilo=batch-thread-3 | transaccion=967
[BATCH-PROCESSOR] hilo=batch-thread-3 | transaccion=968
[BATCH-PROCESSOR] hilo=batch-thread-3 | transaccion=969
[BATCH-PROCESSOR] hilo=batch-thread-1 | transaccion=970
[BATCH-WRITER] hilo=main | chunk=6 | jobInstance=1 | invocacion=95
[BATCH-PROCESSOR] hilo=batch-thread-3 | transaccion=971
[BATCH-PROCESSOR] hilo=batch-thread-2 | transaccion=972
[BATCH-PROCESSOR] hilo=batch-thread-1 | transaccion=973
[BATCH-PROCESSOR] hilo=batch-thread-3 | transaccion=974
[BATCH-PROCESSOR] hilo=batch-thread-3 | transaccion=975
[BATCH-PROCESSOR] hilo=batch-thread-3 | transaccion=976
[BATCH-PROCESSOR] hilo=batch-thread-2 | transaccion=978
[BATCH-PROCESSOR] hilo=batch-thread-1 | transaccion=977
[BATCH-PROCESSOR] hilo=batch-thread-3 | transaccion=979
[BATCH-PROCESSOR] hilo=batch-thread-3 | transaccion=980
[BATCH-WRITER] hilo=main | chunk=3 | jobInstance=1 | invocacion=96
[BATCH-PROCESSOR] hilo=batch-thread-2 | transaccion=981
[BATCH-PROCESSOR] hilo=batch-thread-1 | transaccion=982
[BATCH-PROCESSOR] hilo=batch-thread-3 | transaccion=983
[BATCH-PROCESSOR] hilo=batch-thread-2 | transaccion=984
[BATCH-PROCESSOR] hilo=batch-thread-3 | transaccion=985
[BATCH-PROCESSOR] hilo=batch-thread-3 | transaccion=986
[BATCH-PROCESSOR] hilo=batch-thread-1 | transaccion=987
[BATCH-PROCESSOR] hilo=batch-thread-2 | transaccion=988
[BATCH-PROCESSOR] hilo=batch-thread-3 | transaccion=989
[BATCH-PROCESSOR] hilo=batch-thread-3 | transaccion=990
[BATCH-WRITER] hilo=main | chunk=4 | jobInstance=1 | invocacion=97
[BATCH-PROCESSOR] hilo=batch-thread-3 | transaccion=991
[BATCH-PROCESSOR] hilo=batch-thread-2 | transaccion=992
[BATCH-PROCESSOR] hilo=batch-thread-1 | transaccion=993
[BATCH-PROCESSOR] hilo=batch-thread-2 | transaccion=994
[BATCH-PROCESSOR] hilo=batch-thread-2 | transaccion=995
[BATCH-PROCESSOR] hilo=batch-thread-3 | transaccion=996
[BATCH-PROCESSOR] hilo=batch-thread-2 | transaccion=997
[BATCH-PROCESSOR] hilo=batch-thread-3 | transaccion=998
[BATCH-PROCESSOR] hilo=batch-thread-1 | transaccion=999
[BATCH-PROCESSOR] hilo=batch-thread-1 | transaccion=1000
[BATCH-WRITER] hilo=main | chunk=5 | jobInstance=1 | invocacion=98
2026-08-30T22:58:18.303-04:00  INFO 216859 --- [bancoxyzbatch] [           main] o.s.batch.core.step.AbstractStep         : Step: [transaccionStep] executed in 3s778ms
2026-08-30T22:58:18.344-04:00  INFO 216859 --- [bancoxyzbatch] [           main] o.s.batch.core.step.AbstractStep         : Executing step: [transaccionDuplicadosStep]
[BATCH-DUPLICADOS] jobInstance=1 | duplicados=15
2026-08-30T22:58:18.767-04:00  INFO 216859 --- [bancoxyzbatch] [           main] o.s.batch.core.step.AbstractStep         : Step: [transaccionDuplicadosStep] executed in 428ms
2026-08-30T22:58:18.806-04:00  INFO 216859 --- [bancoxyzbatch] [           main] o.s.batch.core.step.AbstractStep         : Executing step: [transaccionReconciliationStep]
2026-08-30T22:58:18.830-04:00  INFO 216859 --- [bancoxyzbatch] [           main] o.s.batch.core.step.AbstractStep         : Step: [transaccionReconciliationStep] executed in 28ms
2026-08-30T22:58:18.865-04:00  INFO 216859 --- [bancoxyzbatch] [           main] o.s.batch.core.step.AbstractStep         : Executing step: [resumenTransaccionDiariaStep]
2026-08-30T22:58:19.057-04:00  INFO 216859 --- [bancoxyzbatch] [           main] o.s.batch.core.step.AbstractStep         : Step: [resumenTransaccionDiariaStep] executed in 197ms
2026-08-30T22:58:19.093-04:00  INFO 216859 --- [bancoxyzbatch] [           main] o.s.b.c.l.s.TaskExecutorJobLauncher      : Job: [SimpleJob: [name=transaccionJob]] completed with the following parameters: [{JobParameter{name='run.id', value=6001, type=class java.lang.Long, identifying=true}}] and the following status: [COMPLETED] in 4s586ms
[BATCH] JobExecution ID: 1
[BATCH] Estado final: COMPLETED
[BATCH] Exit status: exitCode=COMPLETED;exitDescription=;exitException=null
[BATCH-PERF] job=transaccionJob | mode=PARALELO | threads=3 | chunkSize=10 | duraciónMs=4704.488
2026-08-30T22:58:19.100-04:00  INFO 216859 --- [bancoxyzbatch] [ionShutdownHook] j.LocalContainerEntityManagerFactoryBean : Closing JPA EntityManagerFactory for persistence unit 'default'
2026-08-30T22:58:19.102-04:00  INFO 216859 --- [bancoxyzbatch] [ionShutdownHook] com.zaxxer.hikari.HikariDataSource       : HikariPool-1 - Shutdown initiated...
2026-08-30T22:58:19.104-04:00  INFO 216859 --- [bancoxyzbatch] [ionShutdownHook] com.zaxxer.hikari.HikariDataSource       : HikariPool-1 - Shutdown completed.
